******************************************************************************
                  TI ARM Linker PC v20.2.7                     
******************************************************************************
>> Linked Fri Mar 28 16:41:13 2025

OUTPUT FILE NAME:   <lab6.out>
ENTRY POINT SYMBOL: "_c_int00_noargs"  address: 00000b09


MEMORY CONFIGURATION

         name            origin    length      used     unused   attr    fill
----------------------  --------  ---------  --------  --------  ----  --------
  FLASH                 00000000   00040000  00000bba  0003f446  R  X
  SRAM                  20000000   00008000  00000260  00007da0  RW X


SEGMENT ALLOCATION MAP

run origin  load origin   length   init length attrs members
----------  ----------- ---------- ----------- ----- -------
00000000    00000000    00000bc0   00000bc0    r-x
  00000000    00000000    0000026c   0000026c    r-- .intvecs
  0000026c    0000026c    0000091e   0000091e    r-x .text
  00000b90    00000b90    00000030   00000030    r-- .cinit
20000000    20000000    00000260   00000000    rw-
  20000000    20000000    00000200   00000000    rw- .stack
  20000200    20000200    0000005c   00000000    rw- .bss
  2000025c    2000025c    00000004   00000000    rw- .data


SECTION ALLOCATION MAP

 output                                  attributes/
section   page    origin      length       input sections
--------  ----  ----------  ----------   ----------------
.intvecs   0    00000000    0000026c     
                  00000000    0000026c     tm4c123gh6pm_startup_ccs.obj (.intvecs)

.text      0    0000026c    0000091e     
                  0000026c    00000484     uart0.obj (.text)
                  000006f0    0000026c     main.obj (.text)
                  0000095c    0000009c     rtsv7M4_T_le_v4SPD16_eabi.lib : memcpy_t2.asm.obj (.text)
                  000009f8    00000068                                   : copy_decompress_lzss.c.obj (.text:decompress:lzss:__TI_decompress_lzss)
                  00000a60    00000064     debug.obj (.text)
                  00000ac4    00000044     rtsv7M4_T_le_v4SPD16_eabi.lib : autoinit.c.obj (.text:__TI_auto_init_nobinit_nopinit:__TI_auto_init_nobinit_nopinit)
                  00000b08    00000034                                   : boot_cortex_m.c.obj (.text:_c_int00_noargs:_c_int00_noargs)
                  00000b3c    0000001c                                   : copy_zero_init.c.obj (.text:decompress:ZI:__TI_zero_init_nomemset:__TI_zero_init_nomemset)
                  00000b58    00000010     clock.obj (.text)
                  00000b68    0000000e     rtsv7M4_T_le_v4SPD16_eabi.lib : copy_decompress_none.c.obj (.text:decompress:none:__TI_decompress_none)
                  00000b76    0000000c     tm4c123gh6pm_startup_ccs.obj (.text)
                  00000b82    00000004     rtsv7M4_T_le_v4SPD16_eabi.lib : pre_init.c.obj (.text:_system_pre_init)
                  00000b86    00000004                                   : exit.c.obj (.text:abort:abort)

.cinit     0    00000b90    00000030     
                  00000b90    0000000c     (__TI_handler_table)
                  00000b9c    00000004     --HOLE-- [fill = 0]
                  00000ba0    00000008     (.cinit..bss.load) [load image, compression = zero_init]
                  00000ba8    00000007     (.cinit..data.load) [load image, compression = lzss]
                  00000baf    00000001     --HOLE-- [fill = 0]
                  00000bb0    00000010     (__TI_cinit_table)

.init_array 
*          0    00000000    00000000     UNINITIALIZED

.bss       0    20000200    0000005c     UNINITIALIZED
                  20000200    0000005c     (.common:data)

.data      0    2000025c    00000004     UNINITIALIZED
                  2000025c    00000004     main.obj (.data)

.stack     0    20000000    00000200     UNINITIALIZED
                  20000000    00000004     rtsv7M4_T_le_v4SPD16_eabi.lib : boot_cortex_m.c.obj (.stack)
                  20000004    000001fc     --HOLE--

__llvm_prf_cnts 
*          0    20000000    00000000     UNINITIALIZED

MODULE SUMMARY

       Module                         code   ro data   rw data
       ------                         ----   -------   -------
    .\
       uart0.obj                      1156   0         0      
       main.obj                       620    0         96     
       tm4c123gh6pm_startup_ccs.obj   12     620       0      
       debug.obj                      100    0         0      
       clock.obj                      16     0         0      
    +--+------------------------------+------+---------+---------+
       Total:                         1904   620       96     
                                                              
    C:\ti\ccs1281\ccs\tools\compiler\ti-cgt-arm_20.2.7.LTS\lib\rtsv7M4_T_le_v4SPD16_eabi.lib
       memcpy_t2.asm.obj              156    0         0      
       copy_decompress_lzss.c.obj     104    0         0      
       autoinit.c.obj                 68     0         0      
       boot_cortex_m.c.obj            52     0         0      
       copy_zero_init.c.obj           28     0         0      
       copy_decompress_none.c.obj     14     0         0      
       exit.c.obj                     4      0         0      
       pre_init.c.obj                 4      0         0      
    +--+------------------------------+------+---------+---------+
       Total:                         430    0         0      
                                                              
       Stack:                         0      0         512    
       Linker Generated:              0      43        0      
    +--+------------------------------+------+---------+---------+
       Grand Total:                   2334   663       608    


LINKER GENERATED COPY TABLES

__TI_cinit_table @ 00000bb0 records: 2, size/record: 8, table size: 16
	.bss: load addr=00000ba0, load size=00000008 bytes, run addr=20000200, run size=0000005c bytes, compression=zero_init
	.data: load addr=00000ba8, load size=00000007 bytes, run addr=2000025c, run size=00000004 bytes, compression=lzss


LINKER GENERATED HANDLER TABLE

__TI_handler_table @ 00000b90 records: 3, size/record: 4, table size: 12
	index: 0, handler: __TI_decompress_lzss
	index: 1, handler: __TI_decompress_none
	index: 2, handler: __TI_zero_init


GLOBAL SYMBOLS: SORTED ALPHABETICALLY BY Name 

address   name                          
-------   ----                          
00000b87  C$$EXIT                       
00000b77  ResetISR                      
000007a5  SystickHandler                
20000200  __STACK_END                   
00000200  __STACK_SIZE                  
20000200  __STACK_TOP                   
00000bb0  __TI_CINIT_Base               
00000bc0  __TI_CINIT_Limit              
00000b90  __TI_Handler_Table_Base       
00000b9c  __TI_Handler_Table_Limit      
00000ac5  __TI_auto_init_nobinit_nopinit
000009f9  __TI_decompress_lzss          
00000b69  __TI_decompress_none          
ffffffff  __TI_pprof_out_hndl           
ffffffff  __TI_prof_data_size           
ffffffff  __TI_prof_data_start          
00000000  __TI_static_base__            
00000b3d  __TI_zero_init_nomemset       
0000095d  __aeabi_memcpy                
0000095d  __aeabi_memcpy4               
0000095d  __aeabi_memcpy8               
ffffffff  __binit__                     
ffffffff  __c_args__                    
UNDEFED   __mpu_init                    
20000000  __stack                       
20000000  __start___llvm_prf_cnts       
20000000  __stop___llvm_prf_cnts        
00000b09  _c_int00_noargs               
UNDEFED   _system_post_cinit            
00000b83  _system_pre_init              
00000b87  abort                         
00000617  alphabetToInteger             
ffffffff  binit                         
000005c5  compare_strings               
00000715  currentTime                   
20000200  data                          
0000071b  deltaTime                     
00000000  g_pfnVectors                  
0000067f  getFieldInteger               
00000651  getFieldString                
0000036d  getcUart0                     
00000403  getsUart0                     
0000072d  initHw                        
00000b59  initSystemClockTo40Mhz        
000006f1  initSystickTimer              
0000026d  initUart0                     
000006bd  isCommand                     
000003e9  kbhitUart0                    
000007d7  main                          
0000095d  memcpy                        
000004a5  parseFields                   
00000325  putcUart0                     
00000341  putsUart0                     
000002e1  setUart0BaudRate              
2000025c  systick_count                 
00000a61  toAsciiHex                    
00000781  turnBlueLedOff                
00000775  turnBlueLedOn                 
00000799  turnGreenLedOff               
0000078d  turnGreenLedOn                
00000769  turnRedLedOff                 
0000075d  turnRedLedOn                  


GLOBAL SYMBOLS: SORTED BY Symbol Address 

address   name                          
-------   ----                          
00000000  __TI_static_base__            
00000000  g_pfnVectors                  
00000200  __STACK_SIZE                  
0000026d  initUart0                     
000002e1  setUart0BaudRate              
00000325  putcUart0                     
00000341  putsUart0                     
0000036d  getcUart0                     
000003e9  kbhitUart0                    
00000403  getsUart0                     
000004a5  parseFields                   
000005c5  compare_strings               
00000617  alphabetToInteger             
00000651  getFieldString                
0000067f  getFieldInteger               
000006bd  isCommand                     
000006f1  initSystickTimer              
00000715  currentTime                   
0000071b  deltaTime                     
0000072d  initHw                        
0000075d  turnRedLedOn                  
00000769  turnRedLedOff                 
00000775  turnBlueLedOn                 
00000781  turnBlueLedOff                
0000078d  turnGreenLedOn                
00000799  turnGreenLedOff               
000007a5  SystickHandler                
000007d7  main                          
0000095d  __aeabi_memcpy                
0000095d  __aeabi_memcpy4               
0000095d  __aeabi_memcpy8               
0000095d  memcpy                        
000009f9  __TI_decompress_lzss          
00000a61  toAsciiHex                    
00000ac5  __TI_auto_init_nobinit_nopinit
00000b09  _c_int00_noargs               
00000b3d  __TI_zero_init_nomemset       
00000b59  initSystemClockTo40Mhz        
00000b69  __TI_decompress_none          
00000b77  ResetISR                      
00000b83  _system_pre_init              
00000b87  C$$EXIT                       
00000b87  abort                         
00000b90  __TI_Handler_Table_Base       
00000b9c  __TI_Handler_Table_Limit      
00000bb0  __TI_CINIT_Base               
00000bc0  __TI_CINIT_Limit              
20000000  __stack                       
20000000  __start___llvm_prf_cnts       
20000000  __stop___llvm_prf_cnts        
20000200  __STACK_END                   
20000200  __STACK_TOP                   
20000200  data                          
2000025c  systick_count                 
ffffffff  __TI_pprof_out_hndl           
ffffffff  __TI_prof_data_size           
ffffffff  __TI_prof_data_start          
ffffffff  __binit__                     
ffffffff  __c_args__                    
ffffffff  binit                         
UNDEFED   __mpu_init                    
UNDEFED   _system_post_cinit            

[62 symbols]
